// Jest Snapshot v1, https://goo.gl/fbAQLP

exports[`App renders 1`] = `
<App>
  <div>
    Hello World
  </div>
</App>
`;
